[www.jiyacreation.com/index.html]
[backblue.gif]
[fade.gif]
[index.html]
[www.jiyacreation.com/css/style_jc.css]
[www.jiyacreation.com/images/about_us_back.jpg]
[www.jiyacreation.com/images/gallery_back.jpg]
[www.jiyacreation.com/images/contact_us_back.jpg]
[www.jiyacreation.com/images/home_back.jpg]
[www.jiyacreation.com/images/hed_left_cor.png]
[www.jiyacreation.com/images/hed_bg.jpg]
[www.jiyacreation.com/index-2.html]
[www.jiyacreation.com/images/jiya_creation_logo.png]
[www.jiyacreation.com/about_us.html]
[www.jiyacreation.com/images/about_us.jpg]
[www.jiyacreation.com/gallery.html]
[www.jiyacreation.com/images/gallery.jpg]
[www.jiyacreation.com/contact_us.html]
[www.jiyacreation.com/images/contact_us.jpg]
[www.jiyacreation.com/images/hed_right_cor.png]
[www.jiyacreation.com/images/cont_bg.jpg]
[www.jiyacreation.com/images/menu_title_1.jpg]
[www.jiyacreation.com/images/menu_title_2.jpg]
[www.jiyacreation.com/images/menu_title_3.jpg]
[www.jiyacreation.com/modern_art_square_01.html]
[www.jiyacreation.com/modern_art_penal_01.html]
[www.jiyacreation.com/ganesha_art_penal_01.html]
[www.jiyacreation.com/rajasthani_art_square_01.html]
[www.jiyacreation.com/rajasthani_art_penal_01.html]
[www.jiyacreation.com/radhakrishna_art_square_01.html]
[www.jiyacreation.com/god_art_square_01.html]
[www.jiyacreation.com/shrinathji_art_01.html]
[www.jiyacreation.com/other_art_01.html]
[www.jiyacreation.com/images/menu_title_end.jpg]
[www.jiyacreation.com/images/table_top_round.jpg]
[www.jiyacreation.com/images/new_arrival.jpg]
[www.jiyacreation.com/images/table_bot_round.jpg]
[www.jiyacreation.com/images/fot_left_cor.png]
[www.jiyacreation.com/images/fot_bg.jpg]
[www.jiyacreation.com/disclaimer.html]
[www.jiyacreation.com/images/jiya_logo_footer.png]
[www.jiyacreation.com/images/fot_right_cor.png]
[www.jiyacreation.com/index.html]
[www.statcounter.com/counter/counter.js]
[www.jiyacreation.com/images/main_bg.jpg]
[www.jiyacreation.com/images/but_sprt.png]
[www.jiyacreation.com/images/bullet.jpg]
[www.jiyacreation.com/images/bullet_back.jpg]
[www.jiyacreation.com/images/register.jpg]
[www.jiyacreation.com/css/style_jc.css]
[www.jiyacreation.com/css/A.style_jc.css.pagespeed.cf.HFY6kNMVKT.css]
[www.jiyacreation.com/images/hed_left_cor.png.pagespeed.ce.IUdp7VSeOF.png]
[www.jiyacreation.com/images/xhed_bg.jpg.pagespeed.ic._aANmXwTbD.jpg]
[www.jiyacreation.com/images/300x87xjiya_creation_logo.png.pagespeed.ic.osJnaJ2_Wm.png]
[www.jiyacreation.com/images/xhome_back.jpg.pagespeed.ic.aQhO9lYF_-.jpg]
[www.jiyacreation.com/images/xabout_us.jpg.pagespeed.ic.8VQOozg9P1.jpg]
[www.jiyacreation.com/images/xgallery.jpg.pagespeed.ic.YwwucxmhR2.jpg]
[www.jiyacreation.com/images/xcontact_us.jpg.pagespeed.ic.7LpCqqgRVZ.jpg]
[www.jiyacreation.com/images/hed_right_cor.png.pagespeed.ce.5CJgEXdgyD.png]
[www.jiyacreation.com/images/xcont_bg.jpg.pagespeed.ic.syzhePINAK.jpg]
[www.jiyacreation.com/images/xmenu_title_1.jpg.pagespeed.ic.hgrVFdYviv.jpg]
[www.jiyacreation.com/images/xmenu_title_2.jpg.pagespeed.ic.yxDvHKKMlw.jpg]
[www.jiyacreation.com/images/xmenu_title_3.jpg.pagespeed.ic.zl0iix_0k9.jpg]
[www.jiyacreation.com/images/xmenu_title_end.jpg.pagespeed.ic.xwaOkegQ-z.jpg]
[www.jiyacreation.com/images/xtable_top_round.jpg.pagespeed.ic.0p-64qwJCw.jpg]
[www.jiyacreation.com/images/xnew_arrival.jpg.pagespeed.ic.EEitvnLY6V.jpg]
[www.jiyacreation.com/images/xtable_bot_round.jpg.pagespeed.ic.VldHN9JpXU.jpg]
[www.jiyacreation.com/images/xfot_left_cor.png.pagespeed.ic.-jS44CJxH8.png]
[www.jiyacreation.com/images/xfot_bg.jpg.pagespeed.ic.oL4hqaGdob.jpg]
[www.jiyacreation.com/images/189x58xjiya_logo_footer.png.pagespeed.ic.9lzdfVE1wj.png]
[www.jiyacreation.com/images/xfot_right_cor.png.pagespeed.ic.ruBQZ568Os.png]
[www.jiyacreation.com/index-2.html]
[www.jiyacreation.com/images/home.jpg]
[www.jiyacreation.com/images/xabout_us_back.jpg.pagespeed.ic.lzPG9mvcUr.jpg]
[www.jiyacreation.com/images/inner_title_bg.jpg]
[www.jiyacreation.com/about_us.html]
[www.jiyacreation.com/images/xhome.jpg.pagespeed.ic.SFRNxdqa4i.jpg]
[www.jiyacreation.com/images/xgallery_back.jpg.pagespeed.ic.mr230j7UNm.jpg]
[www.jiyacreation.com/images/xinner_title_bg.jpg.pagespeed.ic.gKPrwKAsO3.jpg]
[www.jiyacreation.com/images/ganesha.jpg]
[www.jiyacreation.com/images/radha_krishna.jpg]
[www.jiyacreation.com/images/shrinathji.jpg]
[www.jiyacreation.com/images/flower_paintings.jpg]
[www.jiyacreation.com/images/rajasthani_paintings.jpg]
[www.jiyacreation.com/images/geometrical_paintings.jpg]
[www.jiyacreation.com/images/modern_art.jpg]
[www.jiyacreation.com/images/absrtact_art.jpg]
[www.jiyacreation.com/gallery.html]
[www.jiyacreation.com/images/xcontact_us_back.jpg.pagespeed.ic.ZFsrqswL4D.jpg]
[www.jiyacreation.com/images/jiya_creation_logo.gif]
[www.jiyacreation.com/contact_us.html]
[www.jiyacreation.com/images/189x58xjiya_creation_logo.png.pagespeed.ic.iE3-0jWJ1O.png]
[www.jiyacreation.com/images/modern_art_square_01.jpg]
[www.jiyacreation.com/modern_art_square_02.html]
[www.jiyacreation.com/modern_art_square_01.html]
[www.jiyacreation.com/images/modern_art_penal_01.jpg]
[www.jiyacreation.com/modern_art_penal_02.html]
[www.jiyacreation.com/modern_art_penal_01.html]
[www.jiyacreation.com/images/ganesha_art_penal_01.jpg]
[www.jiyacreation.com/ganesha_art_penal_02.html]
[www.jiyacreation.com/ganesha_art_penal_01.html]
[www.jiyacreation.com/images/rajasthani_art_square_a.jpg]
[www.jiyacreation.com/rajasthani_art_square_02.html]
[www.jiyacreation.com/rajasthani_art_square_01.html]
[www.jiyacreation.com/images/rajasthani_art_penal_d.jpg]
[www.jiyacreation.com/rajasthani_art_penal_02.html]
[www.jiyacreation.com/rajasthani_art_penal_01.html]
[www.jiyacreation.com/images/radhakrishna_art_penal_01.jpg]
[www.jiyacreation.com/radhakrishna_art_square_01.html]
[www.jiyacreation.com/images/god_art_square_01.jpg]
[www.jiyacreation.com/god_art_square_02.html]
[www.jiyacreation.com/god_art_square_01.html]
[www.jiyacreation.com/images/shrinathaji_art_01.jpg]
[www.jiyacreation.com/shrinathji_art_01.html]
[www.jiyacreation.com/images/other_art_01.jpg]
[www.jiyacreation.com/other_art_02.html]
[www.jiyacreation.com/other_art_01.html]
[www.jiyacreation.com/disclaimer.html]
[www.statcounter.com/counter/counter.js]
[www.statcounter.com/counter/recorder.js]
[www.jiyacreation.com/images/xmain_bg.jpg.pagespeed.ic.6pyK4zGMc5.jpg]
[www.jiyacreation.com/css/A.style_jc.css.pagespeed.cf.HFY6kNMVKT.css]
[www.jiyacreation.com/images/modern_art_square_02.jpg]
[www.jiyacreation.com/modern_art_square_03.html]
[www.jiyacreation.com/modern_art_square_02.html]
[www.jiyacreation.com/images/modern_art_penal_02.jpg]
[www.jiyacreation.com/modern_art_penal_03.html]
[www.jiyacreation.com/modern_art_penal_02.html]
[www.jiyacreation.com/images/ganesha_art_penal_02.jpg]
[www.jiyacreation.com/ganesha_art_penal_02.html]
[www.jiyacreation.com/images/rajasthani_art_square_b.jpg]
[www.jiyacreation.com/rajasthani_art_square_03.html]
[www.jiyacreation.com/rajasthani_art_square_02.html]
[www.jiyacreation.com/images/rajasthani_art_penal_e.jpg]
[www.jiyacreation.com/rajasthani_art_penal_03.html]
[www.jiyacreation.com/rajasthani_art_penal_02.html]
[www.jiyacreation.com/images/god_art_square_02.jpg]
[www.jiyacreation.com/god_art_square_03.html]
[www.jiyacreation.com/god_art_square_02.html]
[www.jiyacreation.com/images/other_art_02.jpg]
[www.jiyacreation.com/other_art_03.html]
[www.jiyacreation.com/other_art_02.html]
[www.jiyacreation.com/_8.html]
[www.jiyacreation.com/statcounter.com/counter/counter.html]
[www.jiyacreation.com/statcounter.com/counter/counter_test.html]
[www.jiyacreation.com/statcounter.com/localstorage/index.html]
[www.statcounter.com/counter/recorder.js]
[www.jiyacreation.com/images/modern_art_square_03.jpg]
[www.jiyacreation.com/modern_art_square_04.html]
[www.jiyacreation.com/modern_art_square_03.html]
[www.jiyacreation.com/images/modern_art_penal_03.jpg]
[www.jiyacreation.com/modern_art_penal_04.html]
[www.jiyacreation.com/modern_art_penal_03.html]
[www.jiyacreation.com/images/rajasthani_art_square_c.jpg]
[www.jiyacreation.com/rajasthani_art_square_03.html]
[www.jiyacreation.com/images/rajasthani_art_penal_f.jpg]
[www.jiyacreation.com/rajasthani_art_penal_03.html]
[www.jiyacreation.com/images/god_art_square_03.jpg]
[www.jiyacreation.com/god_art_square_04.html]
[www.jiyacreation.com/god_art_square_03.html]
[www.jiyacreation.com/images/other_art_03.jpg]
[www.jiyacreation.com/other_art_04.html]
[www.jiyacreation.com/other_art_03.html]
[www.jiyacreation.com/images/modern_art_square_04.jpg]
[www.jiyacreation.com/modern_art_square_05.html]
[www.jiyacreation.com/modern_art_square_04.html]
[www.jiyacreation.com/images/modern_art_penal_04.jpg]
[www.jiyacreation.com/modern_art_penal_05.html]
[www.jiyacreation.com/modern_art_penal_04.html]
[www.jiyacreation.com/images/god_art_square_04.jpg]
[www.jiyacreation.com/god_art_square_05.html]
[www.jiyacreation.com/god_art_square_04.html]
[www.jiyacreation.com/images/other_art_04.jpg]
[www.jiyacreation.com/other_art_05.html]
[www.jiyacreation.com/other_art_04.html]
[www.jiyacreation.com/images/modern_art_square_05.jpg]
[www.jiyacreation.com/modern_art_square_06.html]
[www.jiyacreation.com/modern_art_square_05.html]
[www.jiyacreation.com/images/modern_art_penal_05.jpg]
[www.jiyacreation.com/modern_art_penal_06.html]
[www.jiyacreation.com/modern_art_penal_05.html]
[www.jiyacreation.com/images/god_art_square_05.jpg]
[www.jiyacreation.com/god_art_square_06.html]
[www.jiyacreation.com/god_art_square_05.html]
[www.jiyacreation.com/images/other_art_05.jpg]
[www.jiyacreation.com/other_art_06.html]
[www.jiyacreation.com/other_art_05.html]
[www.jiyacreation.com/images/modern_art_square_06.jpg]
[www.jiyacreation.com/modern_art_square_07.html]
[www.jiyacreation.com/modern_art_square_06.html]
[www.jiyacreation.com/images/modern_art_penal_06.jpg]
[www.jiyacreation.com/modern_art_penal_07.html]
[www.jiyacreation.com/modern_art_penal_06.html]
[www.jiyacreation.com/images/god_art_square_06.jpg]
[www.jiyacreation.com/god_art_square_07.html]
[www.jiyacreation.com/god_art_square_06.html]
[www.jiyacreation.com/images/other_art_06.jpg]
[www.jiyacreation.com/other_art_06.html]
[www.jiyacreation.com/images/modern_art_square_07.jpg]
[www.jiyacreation.com/modern_art_square_08.html]
[www.jiyacreation.com/modern_art_square_07.html]
[www.jiyacreation.com/images/modern_art_penal_07.jpg]
[www.jiyacreation.com/modern_art_penal_08.html]
[www.jiyacreation.com/modern_art_penal_07.html]
[www.jiyacreation.com/images/god_art_square_07.jpg]
[www.jiyacreation.com/god_art_square_08.html]
[www.jiyacreation.com/god_art_square_07.html]
[www.jiyacreation.com/images/modern_art_square_08.jpg]
[www.jiyacreation.com/modern_art_square_08.html]
[www.jiyacreation.com/images/modern_art_penal_08.jpg]
[www.jiyacreation.com/modern_art_penal_08.html]
[www.jiyacreation.com/images/god_art_square_08.jpg]
[www.jiyacreation.com/god_art_square_09.html]
[www.jiyacreation.com/god_art_square_08.html]
[www.jiyacreation.com/images/god_art_square_09.jpg]
[www.jiyacreation.com/god_art_square_10.html]
[www.jiyacreation.com/god_art_square_09.html]
[www.jiyacreation.com/images/god_art_square_10.jpg]
[www.jiyacreation.com/god_art_square_11.html]
[www.jiyacreation.com/god_art_square_10.html]
[www.jiyacreation.com/images/god_art_square_11.jpg]
[www.jiyacreation.com/god_art_square_12.html]
[www.jiyacreation.com/god_art_square_11.html]
[www.jiyacreation.com/images/god_art_square_12.jpg]
[www.jiyacreation.com/god_art_square_13.html]
[www.jiyacreation.com/god_art_square_12.html]
[www.jiyacreation.com/images/god_art_square_13.jpg]
[www.jiyacreation.com/god_art_square_13.html]
